LTspice 26.0.2 for MacOS
Circuit: /Users/laurent/Desktop/Q3/Analog electronics/project/FINAL_PROJECT_LAURENT/LTspice/final_project.net
Start Time: Sat Aug  1 21:36:27 2026
Options:logopinfo
solver = Normal
Maximum thread count: 16
tnom = 27
temp = 27
method = trap
Warning: No WPE as none of SCA, SCB, SCC, SC is given and/or SC not positive.
Warning: LTspice uses BSIM4 version 4.6.1. Your model specified an unrecognized version number: 4.5000e+00
Warning:  Acde = 0.0146993 is too small.
Warning: No WPE as none of SCA, SCB, SCC, SC is given and/or SC not positive.
Warning: LTspice uses BSIM4 version 4.6.1. Your model specified an unrecognized version number: 4.5000e+00
Warning:  Acde = 0.0146993 is too small.
Warning: No WPE as none of SCA, SCB, SCC, SC is given and/or SC not positive.
Warning: LTspice uses BSIM4 version 4.6.1. Your model specified an unrecognized version number: 4.5000e+00
Warning:  Acde = 0.0146993 is too small.
Warning: No WPE as none of SCA, SCB, SCC, SC is given and/or SC not positive.
Warning: LTspice uses BSIM4 version 4.6.1. Your model specified an unrecognized version number: 4.5000e+00
Warning: No WPE as none of SCA, SCB, SCC, SC is given and/or SC not positive.
Warning: LTspice uses BSIM4 version 4.6.1. Your model specified an unrecognized version number: 4.5000e+00
Warning: No WPE as none of SCA, SCB, SCC, SC is given and/or SC not positive.
Warning: LTspice uses BSIM4 version 4.6.1. Your model specified an unrecognized version number: 4.5000e+00
Warning: No WPE as none of SCA, SCB, SCC, SC is given and/or SC not positive.
Warning: LTspice uses BSIM4 version 4.6.1. Your model specified an unrecognized version number: 4.5000e+00
Warning: No WPE as none of SCA, SCB, SCC, SC is given and/or SC not positive.
Warning: LTspice uses BSIM4 version 4.6.1. Your model specified an unrecognized version number: 4.5000e+00
Direct Newton iteration failed to find operating point.
Starting Gmin stepping
Gmin stepping succeeded in finding the operating point.

Semiconductor Device Operating Points:
                        --- BSIM4 MOSFETS ---
Name:      Mn4         Mn3         Mn6         Mp8         Mp7
Model:  n_11_sprvt  n_11_sprvt  n_11_sprvt  p_11_sprvt  p_11_sprvt
Id:      9.39e-05    9.65e-05    1.61e-03   -1.96e-04   -1.91e-04
Vgs:     4.26e-01    4.26e-01    3.50e-01   -4.37e-01   -4.37e-01
Vds:     3.50e-01    4.26e-01    4.96e-01   -4.37e-01   -3.05e-01
Vbs:     0.00e+00    0.00e+00    0.00e+00    0.00e+00    0.00e+00
Vth:     7.73e-02    7.79e-02    2.51e-01   -2.32e-01   -2.30e-01
Vdsat:   2.22e-01    2.21e-01    8.99e-02   -1.86e-01   -1.87e-01
Gm:      6.98e-04    7.18e-04    2.51e-02    1.58e-03    1.52e-03
Gds:     3.78e-05    3.22e-05    8.60e-04    6.86e-05    1.19e-04
Gmb      3.23e-05    3.38e-05    2.00e-03    1.41e-04    1.35e-04
Cbd:     2.41e-15    2.34e-15    2.95e-14    1.09e-14    1.23e-14
Cbs:     2.80e-15    2.80e-15    3.61e-14    1.55e-14    1.60e-14

Name:      Mp1         Mp2         Mp5
Model:  p_11_sprvt  p_11_sprvt  p_11_sprvt
Id:     -9.65e-05   -9.39e-05   -1.61e-03
Vgs:    -2.99e-01   -2.95e-01   -4.37e-01
Vds:    -3.69e-01   -4.45e-01   -6.04e-01
Vbs:     0.00e+00    0.00e+00    0.00e+00
Vth:    -2.06e-01   -2.07e-01   -2.33e-01
Vdsat:  -1.03e-01   -1.00e-01   -1.85e-01
Gm:      1.38e-03    1.36e-03    1.30e-02
Gds:     3.30e-05    2.72e-05    4.12e-04
Gmb      1.28e-04    1.28e-04    1.16e-03
Cbd:     4.10e-14    3.92e-14    7.78e-14
Cbs:     5.61e-14    5.61e-14    1.21e-13


Total elapsed time: 0.155 seconds.

Files loaded:
/Users/laurent/Desktop/Q3/Analog electronics/project/FINAL_PROJECT_LAURENT/LTspice/final_project.net
/Users/laurent/Library/Application Support/LTspice/Bottles/ltspice/drive_c/users/crossover/AppData/Local/LTspice/lib/cmp/standard.mos
/Users/laurent/Desktop/Q3/Analog electronics/project/FINAL_PROJECT_LAURENT/LTspice/BSIM4_UMC65.lib

