LTspice 26.0.2 for MacOS
Circuit: /Users/laurent/Desktop/Q3/Analog electronics/project/FINAL_PROJECT_LAURENT/LTspice/final_project_pss.net
Start Time: Fri Jul 24 00:11:18 2026
Options:maxord=1 itl1=1000 itl2=1000 itl4=1000 numdgt=99 measdgt=99 plotwinsize=0
solver = Normal
Maximum thread count: 16
tnom = 27
temp = 27
method = trap
Warning: No WPE as none of SCA, SCB, SCC, SC is given and/or SC not positive.
Warning: LTspice uses BSIM4 version 4.6.1. Your model specified an unrecognized version number: 4.5000e+00
Warning:  Acde = 0.0146993 is too small.
Warning: No WPE as none of SCA, SCB, SCC, SC is given and/or SC not positive.
Warning: LTspice uses BSIM4 version 4.6.1. Your model specified an unrecognized version number: 4.5000e+00
Warning:  Acde = 0.0146993 is too small.
Warning: No WPE as none of SCA, SCB, SCC, SC is given and/or SC not positive.
Warning: LTspice uses BSIM4 version 4.6.1. Your model specified an unrecognized version number: 4.5000e+00
Warning:  Acde = 0.0146993 is too small.
Warning: No WPE as none of SCA, SCB, SCC, SC is given and/or SC not positive.
Warning: LTspice uses BSIM4 version 4.6.1. Your model specified an unrecognized version number: 4.5000e+00
Warning: No WPE as none of SCA, SCB, SCC, SC is given and/or SC not positive.
Warning: LTspice uses BSIM4 version 4.6.1. Your model specified an unrecognized version number: 4.5000e+00
Warning: No WPE as none of SCA, SCB, SCC, SC is given and/or SC not positive.
Warning: LTspice uses BSIM4 version 4.6.1. Your model specified an unrecognized version number: 4.5000e+00
Warning: No WPE as none of SCA, SCB, SCC, SC is given and/or SC not positive.
Warning: LTspice uses BSIM4 version 4.6.1. Your model specified an unrecognized version number: 4.5000e+00
Warning: No WPE as none of SCA, SCB, SCC, SC is given and/or SC not positive.
Warning: LTspice uses BSIM4 version 4.6.1. Your model specified an unrecognized version number: 4.5000e+00
Direct Newton iteration succeeded in finding operating point.
Direct Newton iteration succeeded in finding operating point.
Direct Newton iteration succeeded in finding operating point.
Direct Newton iteration succeeded in finding operating point.
Direct Newton iteration succeeded in finding operating point.
Direct Newton iteration succeeded in finding operating point.
Direct Newton iteration succeeded in finding operating point.
Direct Newton iteration succeeded in finding operating point.
Direct Newton iteration succeeded in finding operating point.
Direct Newton iteration succeeded in finding operating point.
Direct Newton iteration succeeded in finding operating point.
Direct Newton iteration succeeded in finding operating point.
Direct Newton iteration succeeded in finding operating point.
Direct Newton iteration succeeded in finding operating point.
Direct Newton iteration succeeded in finding operating point.
Direct Newton iteration succeeded in finding operating point.
Total elapsed time: 1.775 seconds.

Files loaded:
/Users/laurent/Desktop/Q3/Analog electronics/project/FINAL_PROJECT_LAURENT/LTspice/final_project_pss.net
/Users/laurent/Library/Application Support/LTspice/Bottles/ltspice/drive_c/users/crossover/AppData/Local/LTspice/lib/cmp/standard.mos
/Users/laurent/Desktop/Q3/Analog electronics/project/FINAL_PROJECT_LAURENT/LTspice/BSIM4_UMC65.lib

